// Jest Snapshot v1, https://goo.gl/fbAQLP

exports[`Container: AddFieldDrawer should render layout correctly 1`] = `
<AddFieldDrawerstyles__AddFieldFormWrapper>
  <AddFieldForm
    onSave={[Function]}
  >
    <PlusIcon />
    <AddFieldDrawerstyles__AddFieldFormContext>
      Add field
    </AddFieldDrawerstyles__AddFieldFormContext>
  </AddFieldForm>
</AddFieldDrawerstyles__AddFieldFormWrapper>
`;
