// Jest Snapshot v1, https://goo.gl/fbAQLP

exports[`Container: MainMenu component should render layout correctly 1`] = `
<Dropdown
  mouseEnterDelay={0.15}
  mouseLeaveDelay={0.1}
  overlay={[Function]}
  placement="bottomCenter"
  trigger="click"
>
  <Tooltip
    title="Main menu"
  >
    <IconButton
      icon={<MenuIcon />}
    />
  </Tooltip>
</Dropdown>
`;

exports[`Container: MainMenu component should render menu correctly 1`] = `
<div>
  <MainMenustyles__ActionMenu
    onClick={[Function]}
  >
    <MenuItem
      disabled={false}
      key="import"
    >
      Import markup
    </MenuItem>
    <MenuItem
      disabled={false}
      key="export"
    >
      Export markup
    </MenuItem>
    <MenuItem
      disabled={false}
      key="hotKeys"
    >
      Hot keys info
    </MenuItem>
    <MenuItem
      disabled={false}
      key="userGuide"
    >
      Download User Guide
    </MenuItem>
  </MainMenustyles__ActionMenu>
</div>
`;

exports[`Container: MainMenu mapStateToProps should pass expected props to WrappedComponent 1`] = `
Object {
  "markup": Object {
    "1": Object {
      "initialLabels": Array [
        Label {
          "confidence": 0.8,
          "content": "MOCK FIELD KEY 1",
          "fieldCode": "MOCK_FIELD_1",
          "h": 0.4,
          "index": 0,
          "meta": Object {},
          "type": "key",
          "typeName": "label",
          "uid": "1",
          "w": 0.3,
          "x": 0.1,
          "y": 0.2,
        },
        Label {
          "confidence": 0.4,
          "content": "MOCK FIELD VALUE 1",
          "fieldCode": "MOCK_FIELD_1",
          "h": 0.8,
          "index": 0,
          "meta": Object {},
          "type": "value",
          "typeName": "label",
          "uid": "2",
          "w": 0.7,
          "x": 0.5,
          "y": 0.6,
        },
        Label {
          "confidence": 0.77,
          "content": "MOCK FIELD KEY 2",
          "fieldCode": "MOCK_FIELD_2",
          "h": 0.12,
          "index": 1,
          "meta": Object {},
          "type": "key",
          "typeName": "label",
          "uid": "3",
          "w": 0.11,
          "x": 0.09,
          "y": 0.1,
        },
        Label {
          "confidence": 0.66,
          "content": "MOCK FIELD VALUE 2",
          "fieldCode": "MOCK_FIELD_2",
          "h": 0.16,
          "index": 1,
          "meta": Object {},
          "type": "value",
          "typeName": "label",
          "uid": "4",
          "w": 0.15,
          "x": 0.13,
          "y": 0.14,
        },
      ],
      "initialTables": Array [
        Table {
          "fieldCode": "MOCK_FIELD_4",
          "index": undefined,
          "merges": Array [],
          "meta": Object {},
          "typeName": "table",
          "uid": "5",
          "values": Array [
            CellValue {
              "column": 0,
              "confidence": 0.8,
              "row": 0,
              "value": "value",
            },
          ],
          "xGuidelines": Array [
            0.5,
            0.6,
            0.8,
          ],
          "yGuidelines": Array [
            0.303,
            0.32,
            0.336,
          ],
        },
      ],
      "labels": Array [
        Label {
          "confidence": 0.8,
          "content": "MOCK FIELD KEY 1",
          "fieldCode": "MOCK_FIELD_1",
          "h": 0.4,
          "index": 0,
          "meta": Object {},
          "type": "key",
          "typeName": "label",
          "uid": "1",
          "w": 0.3,
          "x": 0.1,
          "y": 0.2,
        },
        Label {
          "confidence": 0.4,
          "content": "MOCK FIELD VALUE 1",
          "fieldCode": "MOCK_FIELD_1",
          "h": 0.8,
          "index": 0,
          "meta": Object {},
          "type": "value",
          "typeName": "label",
          "uid": "2",
          "w": 0.7,
          "x": 0.5,
          "y": 0.6,
        },
        Label {
          "confidence": 0.77,
          "content": "MOCK FIELD KEY 2",
          "fieldCode": "MOCK_FIELD_2",
          "h": 0.12,
          "index": 1,
          "meta": Object {},
          "type": "key",
          "typeName": "label",
          "uid": "3",
          "w": 0.11,
          "x": 0.09,
          "y": 0.1,
        },
        Label {
          "confidence": 0.66,
          "content": "MOCK FIELD VALUE 2",
          "fieldCode": "MOCK_FIELD_2",
          "h": 0.16,
          "index": 1,
          "meta": Object {},
          "type": "value",
          "typeName": "label",
          "uid": "4",
          "w": 0.15,
          "x": 0.13,
          "y": 0.14,
        },
      ],
      "modifiedObjects": Array [],
      "selectedLabelsIds": Array [
        "1",
      ],
      "selectedTablesIds": Array [],
      "tables": Array [
        Table {
          "fieldCode": "MOCK_FIELD_4",
          "index": undefined,
          "merges": Array [],
          "meta": Object {},
          "typeName": "table",
          "uid": "5",
          "values": Array [
            CellValue {
              "column": 0,
              "confidence": 0.8,
              "row": 0,
              "value": "value",
            },
          ],
          "xGuidelines": Array [
            0.5,
            0.6,
            0.8,
          ],
          "yGuidelines": Array [
            0.303,
            0.32,
            0.336,
          ],
        },
      ],
    },
  },
  "selectedTool": "label",
  "settings": Settings {
    "features": Array [
      SubSettings {
        "code": "autoSave",
        "data": Object {
          "interval": 180000,
        },
      },
      "export",
      "import",
      SubSettings {
        "code": "paging",
        "data": Object {
          "initialPage": 1,
        },
      },
      "language",
      "rotation",
      SubSettings {
        "code": "specialSymbols",
        "data": Array [
          "&",
          "$",
          "£",
          "¥",
          "©",
          "®",
          "¢",
          "%",
          "*",
          "@",
          "µ",
          "±",
          "´",
          "²",
          "~",
          "½",
          "«",
          "»",
          "°",
          "–",
          "—",
          "“",
          "”",
        ],
      },
      "manageFields",
      "multiAssignLabels",
      "multiAssignTables",
    ],
    "mode": "default",
    "panels": Array [
      "TOOLBAR",
      "MARKUP_SIDEBAR",
      "LEFT_SIDEBAR",
    ],
    "tools": Array [
      "detectTables",
      "label",
      "table",
      "merge",
      "split",
      "pointer",
      "grabbing",
    ],
  },
}
`;
