// Jest Snapshot v1, https://goo.gl/fbAQLP

exports[`Container: DocumentPageSwitcher mapStateToProps should pass correct props to the wrapped component 1`] = `
Object {
  "activePage": 1,
  "activeSidebar": "TABLE_DATA",
  "imageUrl": "mockPageImageUrl.pdf",
  "pagesQuantity": 2,
}
`;

exports[`Container: DocumentPageSwitcher should render layout correctly 1`] = `
<PageSwitcher
  activePage={1}
  changeActivePage={[Function]}
  disabled={false}
  pagesQuantity={2}
/>
`;
