// Jest Snapshot v1, https://goo.gl/fbAQLP

exports[`Container: ToolsPickerDropdown should render layout correctly 1`] = `
<Fragment>
  <Tooltip
    title="Area (Shift+L)"
    zIndex={0}
  >
    <ToolsPickerstyles__ButtonIcon
      $active={false}
      icon={
        <ToolsPickerDropdownstyles__DropdownTools>
          <Tooltip
            title="Area (Shift+L)"
          >
            <IconSize32>
              <LabelingIcon
                onClick={[Function]}
              />
            </IconSize32>
          </Tooltip>
          <Dropdown
            mouseEnterDelay={0.15}
            mouseLeaveDelay={0.1}
            overlay={
              <ToolsPickerDropdownstyles__ActionMenu
                onClick={[Function]}
              >
                <MenuItem>
                  <Tooltip
                    title="Drag (Hold Alt)"
                  >
                    <ToolsPickerDropdownstyles__Item>
                      <IconSize32>
                        <DragIcon />
                      </IconSize32>
                      <ToolsPickerDropdownstyles__ItemText>
                        Drag
                      </ToolsPickerDropdownstyles__ItemText>
                    </ToolsPickerDropdownstyles__Item>
                  </Tooltip>
                </MenuItem>
                <MenuItem>
                  <Tooltip
                    title="Label (Shift+A)"
                  >
                    <ToolsPickerDropdownstyles__Item>
                      <IconSize32>
                        <LabelIcon />
                      </IconSize32>
                      <ToolsPickerDropdownstyles__ItemText>
                        Label
                      </ToolsPickerDropdownstyles__ItemText>
                    </ToolsPickerDropdownstyles__Item>
                  </Tooltip>
                </MenuItem>
                <MenuItem>
                  <Tooltip
                    title="Split (Shift+K)"
                  >
                    <ToolsPickerDropdownstyles__Item>
                      <IconSize32>
                        <SplitIcon />
                      </IconSize32>
                      <ToolsPickerDropdownstyles__ItemText />
                    </ToolsPickerDropdownstyles__Item>
                  </Tooltip>
                </MenuItem>
              </ToolsPickerDropdownstyles__ActionMenu>
            }
            placement="bottomCenter"
            trigger="click"
          >
            <DropdownIcon />
          </Dropdown>
        </ToolsPickerDropdownstyles__DropdownTools>
      }
    />
  </Tooltip>
</Fragment>
`;
