// Jest Snapshot v1, https://goo.gl/fbAQLP

exports[`Component: TableViewer should render TableViewer with correct props 1`] = `
<TableViewerstyles__TableViewerContainer>
  <Memo(HandsonTable)
    data={
      Array [
        Array [
          "value",
          null,
        ],
        Array [
          null,
          null,
        ],
      ]
    }
    mergeCells={Array []}
    saveData={[Function]}
  />
</TableViewerstyles__TableViewerContainer>
`;
