// Jest Snapshot v1, https://goo.gl/fbAQLP

exports[`Component: Radio should render correct layout based on props 1`] = `<Radio />`;

exports[`Component: RadioGroup should render correct layout based on props 1`] = `
<Memo(ForwardRef)
  onChange={[Function]}
>
  <Radio
    key="0"
    value="hello"
  >
    world
  </Radio>
</Memo(ForwardRef)>
`;
