// Jest Snapshot v1, https://goo.gl/fbAQLP

exports[`Container: DocumentProperties Should render layout correctly 1`] = `
<DocumentPropertiesstyles__Wrapper>
  <CompilationFeatureControl
    featureName="SHOW_NOT_IMPLEMENTED"
  >
    <Select
      onChange={[Function]}
      options={Array []}
      value="currency"
    />
  </CompilationFeatureControl>
  <Select
    onChange={[MockFunction]}
    options={
      Array [
        Option {
          "disabled": true,
          "text": "English",
          "value": "eng",
        },
      ]
    }
    value="eng"
  />
</DocumentPropertiesstyles__Wrapper>
`;
