// Jest Snapshot v1, https://goo.gl/fbAQLP

exports[`Container: QuickAcessActions component should render layout correctly 1`] = `
<Fragment>
  <SaveDropdown />
  <CompilationFeatureControl
    featureName="SHOW_NOT_IMPLEMENTED"
  >
    <Tooltip
      title="View"
    >
      <IconButton
        icon={<ViewIcon />}
      />
    </Tooltip>
    <Tooltip
      title="Apply template"
    >
      <IconButton
        icon={<TemplateIcon />}
      />
    </Tooltip>
  </CompilationFeatureControl>
  <Tooltip
    title="Revert to last saved version (Ctrl+Z)"
  >
    <IconButton
      icon={<RevertIcon />}
      onClick={[MockFunction]}
    />
  </Tooltip>
</Fragment>
`;
