// Jest Snapshot v1, https://goo.gl/fbAQLP

exports[`Container: SaveDropdown component should render active Dropdown correctly 1`] = `
<div>
  <SaveDropdownstyles__StyledMenu
    onClick={[Function]}
    trigger="click"
  >
    <MenuItem
      key="Save without extraction"
    >
      Save without extraction
    </MenuItem>
  </SaveDropdownstyles__StyledMenu>
</div>
`;

exports[`Container: SaveDropdown component should render layout correctly 1`] = `
<Dropdown
  disabled={true}
  overlay={[Function]}
  placement="bottomLeft"
  trigger="click"
>
  <IconButton
    icon={
      <SaveDropdownstyles__Wrapper>
        <SaveIcon />
        <DropdownIcon />
      </SaveDropdownstyles__Wrapper>
    }
  />
</Dropdown>
`;

exports[`Container: SaveDropdown component should render layout correctly if getApi().save is undefined 1`] = `
<Tooltip
  title="Save file"
>
  <IconButton
    disabled={true}
    icon={<SaveIcon />}
    onClick={[Function]}
  />
</Tooltip>
`;
