// Jest Snapshot v1, https://goo.gl/fbAQLP

exports[`Component: Slider Slider renders correctly 1`] = `
<Sliderstyles__SliderComponent>
  <Sliderstyles__IconWrapper
    span={14}
  >
    <Tooltip
      title="Zoom out"
    >
      <Sliderstyles__SliderButton
        disabled={true}
        icon={<MinusIcon />}
        onClick={[Function]}
        shape="circle"
      />
    </Tooltip>
    <Slider
      disabled={true}
      max={10}
      min={1}
      onChange={[Function]}
      tipFormatter={[Function]}
      value={5}
    />
    <Tooltip
      title="Zoom in"
    >
      <Sliderstyles__SliderButton
        disabled={true}
        icon={<PlusIcon />}
        onClick={[Function]}
        shape="circle"
      />
    </Tooltip>
  </Sliderstyles__IconWrapper>
  <Col
    span={10}
  >
    <Sliderstyles__ScaleInputNumber
      disabled={true}
      formatter={[Function]}
      max={10}
      min={1}
      onChange={[Function]}
      step={1}
      value={5}
    />
  </Col>
</Sliderstyles__SliderComponent>
`;
