// Jest Snapshot v1, https://goo.gl/fbAQLP

exports[`Container: DeleteButton mapStateToProps should pass correct props to the wrapped component 1`] = `
Object {
  "currentPage": 1,
  "labels": Array [],
  "selectedAreas": Array [],
  "selectedLabels": Array [],
  "selectedTables": Array [],
}
`;

exports[`Container: DeleteButton should render correct layout based on the props 1`] = `
<Tooltip
  title="Delete"
>
  <IconButton
    disabled={false}
    icon={<DeleteIcon />}
    onClick={[Function]}
  />
</Tooltip>
`;
