// Jest Snapshot v1, https://goo.gl/fbAQLP

exports[`Component: CanvasTableMerge should render correct layout based on the props 1`] = `
<CanvasHOC
  canvas={
    MockCanvas {
      "add": [MockFunction] {
        "calls": Array [
          Array [
            MockBorder {
              "set": [MockFunction],
            },
            MockBorder {
              "set": [MockFunction],
            },
            MockBorder {
              "set": [MockFunction],
            },
            MockBorder {
              "set": [MockFunction],
            },
            MockBorder {
              "set": [MockFunction],
            },
            MockBorder {
              "set": [MockFunction],
            },
            MockBorder {
              "set": [MockFunction],
            },
            MockBorder {
              "set": [MockFunction],
            },
            MockBorder {
              "set": [MockFunction],
            },
            MockBorder {
              "set": [MockFunction],
            },
            MockBorder {
              "set": [MockFunction],
            },
            MockBorder {
              "set": [MockFunction],
            },
            MockBorder {
              "set": [MockFunction],
            },
            MockBorder {
              "set": [MockFunction],
            },
            MockBorder {
              "set": [MockFunction],
            },
            MockBorder {
              "set": [MockFunction],
            },
            MockBorder {
              "set": [MockFunction],
            },
          ],
        ],
        "results": Array [
          Object {
            "type": "return",
            "value": undefined,
          },
        ],
      },
      "backgroundColor": "#ffffff",
      "backgroundImage": Object {},
      "discardActiveObject": [MockFunction],
      "findTarget": [MockFunction],
      "fire": [MockFunction],
      "fxRemove": [MockFunction],
      "getActiveObject": [MockFunction],
      "getActiveObjects": [MockFunction],
      "getCenter": [MockFunction],
      "getHeight": [MockFunction],
      "getObjects": [MockFunction],
      "getPointer": [MockFunction],
      "getWidth": [MockFunction],
      "getZoom": [MockFunction],
      "height": 768,
      "listeners": Object {},
      "off": [MockFunction],
      "on": [MockFunction],
      "ref": undefined,
      "remove": [MockFunction],
      "renderAll": [MockFunction],
      "requestRenderAll": [MockFunction],
      "selection": true,
      "sendToBack": [MockFunction],
      "setActiveObject": [MockFunction],
      "setBackgroundColor": [MockFunction],
      "setBackgroundImage": [MockFunction],
      "setCursor": [MockFunction],
      "setHeight": [MockFunction],
      "setViewportTransform": [MockFunction],
      "setWidth": [MockFunction],
      "setZoom": [MockFunction],
      "viewportTransform": Array [
        0,
        0,
        0,
        0,
        0,
        0,
      ],
      "width": 1366,
      "zoom": 1,
      "zoomToPoint": [MockFunction],
    }
  }
  onSelectionEnd={[Function]}
  onSelectionUpdate={[Function]}
/>
`;
