// Jest Snapshot v1, https://goo.gl/fbAQLP

exports[`Container: ImageActions component should render layout correctly 1`] = `
<Fragment>
  <CompilationFeatureControl
    featureName="SHOW_NOT_IMPLEMENTED"
  >
    <Tooltip
      title="Adjust contrast"
    >
      <IconButton
        icon={<ContrastIcon />}
      />
    </Tooltip>
    <Tooltip
      title="Adjust brightness"
    >
      <IconButton
        icon={<BrightnessIcon />}
      />
    </Tooltip>
  </CompilationFeatureControl>
  <Slider
    disabled={false}
    max={500}
    min={50}
    onChange={[Function]}
    step={20}
    value={300}
    valuePrefix="%"
  />
  <RotationControls />
</Fragment>
`;

exports[`Container: ImageActions mapStateToProps should pass expected props to WrappedComponent 1`] = `
Object {
  "settings": Settings {
    "features": Array [
      SubSettings {
        "code": "autoSave",
        "data": Object {
          "interval": 180000,
        },
      },
      "export",
      "import",
      SubSettings {
        "code": "paging",
        "data": Object {
          "initialPage": 1,
        },
      },
      "language",
      "rotation",
      SubSettings {
        "code": "specialSymbols",
        "data": Array [
          "&",
          "$",
          "£",
          "¥",
          "©",
          "®",
          "¢",
          "%",
          "*",
          "@",
          "µ",
          "±",
          "´",
          "²",
          "~",
          "½",
          "«",
          "»",
          "°",
          "–",
          "—",
          "“",
          "”",
        ],
      },
      "manageFields",
      "multiAssignLabels",
      "multiAssignTables",
    ],
    "mode": "default",
    "panels": Array [
      "TOOLBAR",
      "MARKUP_SIDEBAR",
      "LEFT_SIDEBAR",
    ],
    "tools": Array [
      "detectTables",
      "label",
      "table",
      "merge",
      "split",
      "pointer",
      "grabbing",
    ],
  },
  "zoom": 3,
}
`;
