// Jest Snapshot v1, https://goo.gl/fbAQLP

exports[`Container: OcrSelect component should render layout correctly 1`] = `
<OcrSelectstyles__StyledSelect
  defaultValue="ocrCode"
  getPopupContainer={[Function]}
  onChange={[Function]}
  options={
    Array [
      Option {
        "disabled": undefined,
        "text": "ocr Name",
        "value": "ocrCode",
      },
    ]
  }
/>
`;

exports[`Container: OcrSelect mapStateToProps should pass state as props to WrappedComponent 1`] = `
Object {
  "ocrEngines": Array [
    OcrEngine {
      "code": "ocrCode",
      "name": "ocr Name",
    },
  ],
  "primaryEngine": "ocrCode",
}
`;
