// Jest Snapshot v1, https://goo.gl/fbAQLP

exports[`Component: PairsMarkupObject component should render correct layout 1`] = `
<PairsMarkupObjectstyles__KeyValuePairWrapper
  key="0"
>
  <PairsMarkupObjectstyles__IconWrapper>
    <PairsMarkupObjectstyles__Circle>
      <PairsMarkupObjectstyles__Dot />
    </PairsMarkupObjectstyles__Circle>
    <PairsMarkupObjectstyles__Tail />
  </PairsMarkupObjectstyles__IconWrapper>
  <PairsMarkupObjectstyles__KeyValueItem>
    <Connect(PrimitiveMarkupObjects)
      field={
        Field {
          "code": "testPairCode",
          "fieldType": "pair",
          "name": "test Pair Name",
          "required": false,
        }
      }
      markupObjects={
        Array [
          Label {
            "confidence": undefined,
            "content": "",
            "fieldCode": "testPairCode",
            "h": 4,
            "index": undefined,
            "meta": Object {},
            "type": "key",
            "typeName": "label",
            "uid": "1",
            "w": 3,
            "x": 1,
            "y": 2,
          },
        ]
      }
    />
    <Connect(PrimitiveMarkupObjects)
      field={
        Field {
          "code": "testPairCode",
          "fieldType": "pair",
          "name": "test Pair Name",
          "required": false,
        }
      }
      markupObjects={
        Array [
          Label {
            "confidence": undefined,
            "content": "",
            "fieldCode": "testPairCode",
            "h": 4,
            "index": undefined,
            "meta": Object {},
            "type": "value",
            "typeName": "label",
            "uid": "2",
            "w": 3,
            "x": 1,
            "y": 2,
          },
        ]
      }
    />
  </PairsMarkupObjectstyles__KeyValueItem>
</PairsMarkupObjectstyles__KeyValuePairWrapper>
`;
