// Jest Snapshot v1, https://goo.gl/fbAQLP

exports[`Component: PrimitiveMarkupObject component should render correct layout 1`] = `
<MarkupObjectHeader
  icon={
    <IconSize23>
      <KeyOfKeyValuePairIcon />
    </IconSize23>
  }
  key="1"
  name="label"
  onHeaderClick={[Function]}
  page={1}
/>
`;
