// Jest Snapshot v1, https://goo.gl/fbAQLP

exports[`Component: TableMarkupObject component should render correct layout 1`] = `
<MarkupObjectHeader
  icon={
    <IconSize23>
      <TableIcon />
    </IconSize23>
  }
  key="5"
  name="test Field Name "
  onHeaderClick={[Function]}
  page={1}
  unassigned={false}
/>
`;
