// Jest Snapshot v1, https://goo.gl/fbAQLP

exports[`FieldsViewSwitcher component should render correct layout 1`] = `
<Dropdown
  overlay={
    <Menu
      onClick={[Function]}
      trigger="click"
    >
      <MenuItem
        id="test"
      >
        Test
      </MenuItem>
    </Menu>
  }
>
  <IconButton
    icon={<ViewOfDataIcon />}
    tooltip={
      Object {
        "placement": "topRight",
        "title": "CHANGE_VIEW",
      }
    }
  />
</Dropdown>
`;
