// Jest Snapshot v1, https://goo.gl/fbAQLP

exports[`Container: ContentEnum should render correct layout based on props 1`] = `
<Autocomplete
  notFoundContent="Not found any matches"
  onChange={[Function]}
  options={
    Array [
      Option {
        "disabled": undefined,
        "text": "test",
        "value": "test",
      },
      Option {
        "disabled": undefined,
        "text": "test1",
        "value": "test1",
      },
    ]
  }
  value="test"
  width="100%"
/>
`;
