// Jest Snapshot v1, https://goo.gl/fbAQLP

exports[`Container: ContentTextArea component should render correct layout based on props 1`] = `
<Fragment>
  <ContentTextAreastyles__TextAreaStyled
    onChange={[Function]}
    rows={2}
    value={true}
  />
  <SpecialSymbols
    label={
      Label {
        "confidence": 0.66,
        "content": true,
        "fieldCode": "enclosures",
        "h": 0.0119,
        "index": undefined,
        "meta": Object {
          "data": "some meta for enclosures value label",
        },
        "type": "checkmark",
        "typeName": "label",
        "uid": "1",
        "w": 0.017,
        "x": 0.113,
        "y": 0.8104,
      }
    }
  />
</Fragment>
`;
