// Jest Snapshot v1, https://goo.gl/fbAQLP

exports[`Component: FieldLabel should render correct layout 1`] = `
<FieldLabelstyles__Label
  active={false}
  className="test-class"
  clickable={true}
>
  <FieldLabelstyles__StyledTooltip
    placement="left"
    required={true}
    title="Required Field"
  >
    Label :
  </FieldLabelstyles__StyledTooltip>
</FieldLabelstyles__Label>
`;
