// Jest Snapshot v1, https://goo.gl/fbAQLP

exports[`Components: ContextMenu should render ContextMenu with correct props 1`] = `
<ContextMenustyles__DropdownPosition
  x={10}
  y={10}
>
  <Dropdown
    onVisibleChange={[Function]}
    overlay={
      <Menu
        onClick={[Function]}
      >
        <MenuItem
          disabled={true}
        >
          option text
        </MenuItem>
      </Menu>
    }
    trigger="click"
    visible={true}
  >
    <div />
  </Dropdown>
</ContextMenustyles__DropdownPosition>
`;
